label: gpt
label-id: E2E520CF-7ABD-445E-BCAF-3C8A466923B9
device: /dev/sda
unit: sectors
first-lba: 34
last-lba: 1953525134

/dev/sda1 : start=        2048, size=     2048000, type=DE94BBA4-06D1-4D40-A16A-BFD50179D6AC, uuid=5BCB9137-7C5D-4B2F-8A65-826FE84FED4B, name="Basic data partition", attrs="RequiredPartition"
/dev/sda2 : start=     2050048, size=      532480, type=C12A7328-F81F-11D2-BA4B-00A0C93EC93B, uuid=0B1EBC97-2358-4A5D-8C5A-261175248765, name="EFI system partition", attrs="RequiredPartition"
/dev/sda3 : start=     2582528, size=     2048000, type=BFBFAFE7-A34F-448A-9A5B-6213EB736C22, uuid=2544208B-6153-4A2F-8348-978C55030A5D, name="Basic data partition", attrs="RequiredPartition"
/dev/sda4 : start=     4630528, size=      262144, type=E3C9E316-0B5C-4DB8-817D-F92DF00215AE, uuid=680979EA-8C8A-471B-994C-8160CC70FA1D, name="Microsoft reserved partition"
/dev/sda5 : start=     4892672, size=  1563406336, type=EBD0A0A2-B9E5-4433-87C0-68B6B72699C7, uuid=6A09C25E-E797-4C2F-8036-96A0F5B24C0D, name="Basic data partition"
/dev/sda6 : start=  1875499008, size=    52428800, type=EBD0A0A2-B9E5-4433-87C0-68B6B72699C7, uuid=BAC0F917-069C-4DB6-A176-B65076AF800B, name="Basic data partition"
/dev/sda7 : start=  1927927808, size=    25595904, type=DE94BBA4-06D1-4D40-A16A-BFD50179D6AC, uuid=F4572003-A9A2-49A3-9717-21BBCE31BC3E, name="Basic data partition", attrs="RequiredPartition"
/dev/sda8 : start=  1677721600, size=   197777408, type=0FC63DAF-8483-4772-8E79-3D69D8477DE4, uuid=A360A12F-11A4-404E-9377-743336381F05
